// Jest Snapshot v1, https://goo.gl/fbAQLP

exports[`ProductImage Should show correctly with custom img 1`] = `
<img
  alt="Product"
  className="productImg custom-class"
  src="nothing.png"
/>
`;

exports[`ProductImage Should show correctly with img product 1`] = `
<div
  className="productCard undefined"
>
  <img
    alt="Product"
    className="productImg undefined"
    src="./coffee-mug.png"
  />
</div>
`;
