// Jest Snapshot v1, https://goo.gl/fbAQLP

exports[`ProductTitle Should show correctly with custom title 1`] = `
<span
  className="productDescription custom-class"
>
  Custom Product
</span>
`;

exports[`ProductTitle Should show correctly with name product 1`] = `
<div
  className="productCard undefined"
>
  <span
    className="productDescription undefined"
  >
    Coffee mug sin imagen
  </span>
</div>
`;
